// Jest Snapshot v1, https://goo.gl/fbAQLP

exports[`Indecision Component debe hacer match con el snapshot 1`] = `
<!--v-if-->
<div class="bg-dark">
  <h1>Indecision app</h1>
</div>
<div class="indecision-container"><input type="text" name="" id="" placeholder="Hazme una pregunta">
  <p>Recuerda terminar con un signo de interrogacion (?)</p>
  <!--v-if-->
</div>
`;
